Archive member included to satisfy reference by file (symbol)

/home/botsula/.p2/pool/plugins/fr.ac6.mcu.externaltools.arm-none.linux64_1.17.0.201812190825/tools/compiler/bin/../lib/gcc/arm-none-eabi/7.3.1/thumb/v7e-m/fpv4-sp/hard/libgcc.a(_aeabi_uldivmod.o)
                              Drivers/STM32F4xx_HAL_Driver/Src/stm32f4xx_hal_rcc.o (__aeabi_uldivmod)
/home/botsula/.p2/pool/plugins/fr.ac6.mcu.externaltools.arm-none.linux64_1.17.0.201812190825/tools/compiler/bin/../lib/gcc/arm-none-eabi/7.3.1/thumb/v7e-m/fpv4-sp/hard/libgcc.a(_udivmoddi4.o)
                              /home/botsula/.p2/pool/plugins/fr.ac6.mcu.externaltools.arm-none.linux64_1.17.0.201812190825/tools/compiler/bin/../lib/gcc/arm-none-eabi/7.3.1/thumb/v7e-m/fpv4-sp/hard/libgcc.a(_aeabi_uldivmod.o) (__udivmoddi4)
/home/botsula/.p2/pool/plugins/fr.ac6.mcu.externaltools.arm-none.linux64_1.17.0.201812190825/tools/compiler/bin/../lib/gcc/arm-none-eabi/7.3.1/thumb/v7e-m/fpv4-sp/hard/libgcc.a(_dvmd_tls.o)
                              /home/botsula/.p2/pool/plugins/fr.ac6.mcu.externaltools.arm-none.linux64_1.17.0.201812190825/tools/compiler/bin/../lib/gcc/arm-none-eabi/7.3.1/thumb/v7e-m/fpv4-sp/hard/libgcc.a(_aeabi_uldivmod.o) (__aeabi_ldiv0)
/home/botsula/.p2/pool/plugins/fr.ac6.mcu.externaltools.arm-none.linux64_1.17.0.201812190825/tools/compiler/bin/../lib/gcc/arm-none-eabi/7.3.1/../../../../arm-none-eabi/lib/thumb/v7e-m/fpv4-sp/hard/libc_nano.a(lib_a-errno.o)
                              Src/syscalls.o (__errno)
/home/botsula/.p2/pool/plugins/fr.ac6.mcu.externaltools.arm-none.linux64_1.17.0.201812190825/tools/compiler/bin/../lib/gcc/arm-none-eabi/7.3.1/../../../../arm-none-eabi/lib/thumb/v7e-m/fpv4-sp/hard/libc_nano.a(lib_a-exit.o)
                              /home/botsula/.p2/pool/plugins/fr.ac6.mcu.externaltools.arm-none.linux64_1.17.0.201812190825/tools/compiler/bin/../lib/gcc/arm-none-eabi/7.3.1/../../../../arm-none-eabi/lib/thumb/v7e-m/fpv4-sp/hard/crt0.o (exit)
/home/botsula/.p2/pool/plugins/fr.ac6.mcu.externaltools.arm-none.linux64_1.17.0.201812190825/tools/compiler/bin/../lib/gcc/arm-none-eabi/7.3.1/../../../../arm-none-eabi/lib/thumb/v7e-m/fpv4-sp/hard/libc_nano.a(lib_a-impure.o)
                              /home/botsula/.p2/pool/plugins/fr.ac6.mcu.externaltools.arm-none.linux64_1.17.0.201812190825/tools/compiler/bin/../lib/gcc/arm-none-eabi/7.3.1/../../../../arm-none-eabi/lib/thumb/v7e-m/fpv4-sp/hard/libc_nano.a(lib_a-exit.o) (_global_impure_ptr)
/home/botsula/.p2/pool/plugins/fr.ac6.mcu.externaltools.arm-none.linux64_1.17.0.201812190825/tools/compiler/bin/../lib/gcc/arm-none-eabi/7.3.1/../../../../arm-none-eabi/lib/thumb/v7e-m/fpv4-sp/hard/libc_nano.a(lib_a-init.o)
                              /home/botsula/.p2/pool/plugins/fr.ac6.mcu.externaltools.arm-none.linux64_1.17.0.201812190825/tools/compiler/bin/../lib/gcc/arm-none-eabi/7.3.1/../../../../arm-none-eabi/lib/thumb/v7e-m/fpv4-sp/hard/crt0.o (__libc_init_array)
/home/botsula/.p2/pool/plugins/fr.ac6.mcu.externaltools.arm-none.linux64_1.17.0.201812190825/tools/compiler/bin/../lib/gcc/arm-none-eabi/7.3.1/../../../../arm-none-eabi/lib/thumb/v7e-m/fpv4-sp/hard/libc_nano.a(lib_a-memset.o)
                              /home/botsula/.p2/pool/plugins/fr.ac6.mcu.externaltools.arm-none.linux64_1.17.0.201812190825/tools/compiler/bin/../lib/gcc/arm-none-eabi/7.3.1/../../../../arm-none-eabi/lib/thumb/v7e-m/fpv4-sp/hard/crt0.o (memset)

Allocating common symbols
Common symbol       size              file

byte_2              0x1               Src/main.o
measured_time       0x4               Src/main.o
uwTick              0x4               Drivers/STM32F4xx_HAL_Driver/Src/stm32f4xx_hal.o
pFlash              0x20              Drivers/STM32F4xx_HAL_Driver/Src/stm32f4xx_hal_flash.o
b_chars             0x6               Src/main.o
r                   0x1               Src/main.o
byte                0x1               Src/main.o
htim1               0x40              Src/tim.o
echo_finish         0x4               Src/main.o
meters_sec          0x64              Src/main.o
htim2               0x40              Src/tim.o
num_div             0x4               Src/main.o
huart2              0x40              Src/main.o
echo_start          0x4               Src/main.o

Discarded input sections

 .text          0x0000000000000000        0x0 /home/botsula/.p2/pool/plugins/fr.ac6.mcu.externaltools.arm-none.linux64_1.17.0.201812190825/tools/compiler/bin/../lib/gcc/arm-none-eabi/7.3.1/thumb/v7e-m/fpv4-sp/hard/crti.o
 .data          0x0000000000000000        0x0 /home/botsula/.p2/pool/plugins/fr.ac6.mcu.externaltools.arm-none.linux64_1.17.0.201812190825/tools/compiler/bin/../lib/gcc/arm-none-eabi/7.3.1/thumb/v7e-m/fpv4-sp/hard/crti.o
 .bss           0x0000000000000000        0x0 /home/botsula/.p2/pool/plugins/fr.ac6.mcu.externaltools.arm-none.linux64_1.17.0.201812190825/tools/compiler/bin/../lib/gcc/arm-none-eabi/7.3.1/thumb/v7e-m/fpv4-sp/hard/crti.o
[...]
Memory Configuration

Name             Origin             Length             Attributes
RAM              0x0000000020000000 0x0000000000020000 xrw
FLASH            0x0000000008000000 0x0000000000080000 xr
*default*        0x0000000000000000 0xffffffffffffffff

Linker script and memory map

LOAD /home/botsula/.p2/pool/plugins/fr.ac6.mcu.externaltools.arm-none.linux64_1.17.0.201812190825/tools/compiler/bin/../lib/gcc/arm-none-eabi/7.3.1/thumb/v7e-m/fpv4-sp/hard/crti.o
LOAD /home/botsula/.p2/pool/plugins/fr.ac6.mcu.externaltools.arm-none.linux64_1.17.0.201812190825/tools/compiler/bin/../lib/gcc/arm-none-eabi/7.3.1/thumb/v7e-m/fpv4-sp/hard/crtbegin.o
LOAD /home/botsula/.p2/pool/plugins/fr.ac6.mcu.externaltools.arm-none.linux64_1.17.0.201812190825/tools/compiler/bin/../lib/gcc/arm-none-eabi/7.3.1/../../../../arm-none-eabi/lib/thumb/v7e-m/fpv4-sp/hard/crt0.o
LOAD Drivers/STM32F4xx_HAL_Driver/Src/stm32f4xx_hal.o
LOAD Drivers/STM32F4xx_HAL_Driver/Src/stm32f4xx_hal_cortex.o
LOAD Drivers/STM32F4xx_HAL_Driver/Src/stm32f4xx_hal_dma.o
LOAD Drivers/STM32F4xx_HAL_Driver/Src/stm32f4xx_hal_dma_ex.o
LOAD Drivers/STM32F4xx_HAL_Driver/Src/stm32f4xx_hal_exti.o
LOAD Drivers/STM32F4xx_HAL_Driver/Src/stm32f4xx_hal_flash.o
LOAD Drivers/STM32F4xx_HAL_Driver/Src/stm32f4xx_hal_flash_ex.o
LOAD Drivers/STM32F4xx_HAL_Driver/Src/stm32f4xx_hal_flash_ramfunc.o
LOAD Drivers/STM32F4xx_HAL_Driver/Src/stm32f4xx_hal_gpio.o
LOAD Drivers/STM32F4xx_HAL_Driver/Src/stm32f4xx_hal_pwr.o
LOAD Drivers/STM32F4xx_HAL_Driver/Src/stm32f4xx_hal_pwr_ex.o
LOAD Drivers/STM32F4xx_HAL_Driver/Src/stm32f4xx_hal_rcc.o
LOAD Drivers/STM32F4xx_HAL_Driver/Src/stm32f4xx_hal_rcc_ex.o
LOAD Drivers/STM32F4xx_HAL_Driver/Src/stm32f4xx_hal_tim.o
LOAD Drivers/STM32F4xx_HAL_Driver/Src/stm32f4xx_hal_tim_ex.o
LOAD Drivers/STM32F4xx_HAL_Driver/Src/stm32f4xx_hal_uart.o
LOAD Src/gpio.o
LOAD Src/main.o
LOAD Src/stm32f4xx_hal_msp.o
LOAD Src/stm32f4xx_it.o
LOAD Src/sys.o
LOAD Src/syscalls.o
LOAD Src/system_stm32f4xx.o
LOAD Src/tim.o
LOAD Src/usart.o
LOAD startup/startup_stm32f411xe.o
LOAD /home/botsula/.p2/pool/plugins/fr.ac6.mcu.externaltools.arm-none.linux64_1.17.0.201812190825/tools/compiler/bin/../lib/gcc/arm-none-eabi/7.3.1/../../../../arm-none-eabi/lib/thumb/v7e-m/fpv4-sp/hard/libm.a
START GROUP
LOAD /home/botsula/.p2/pool/plugins/fr.ac6.mcu.externaltools.arm-none.linux64_1.17.0.201812190825/tools/compiler/bin/../lib/gcc/arm-none-eabi/7.3.1/thumb/v7e-m/fpv4-sp/hard/libgcc.a
LOAD /home/botsula/.p2/pool/plugins/fr.ac6.mcu.externaltools.arm-none.linux64_1.17.0.201812190825/tools/compiler/bin/../lib/gcc/arm-none-eabi/7.3.1/../../../../arm-none-eabi/lib/thumb/v7e-m/fpv4-sp/hard/libc_nano.a
END GROUP
START GROUP
LOAD /home/botsula/.p2/pool/plugins/fr.ac6.mcu.externaltools.arm-none.linux64_1.17.0.201812190825/tools/compiler/bin/../lib/gcc/arm-none-eabi/7.3.1/thumb/v7e-m/fpv4-sp/hard/libgcc.a
LOAD /home/botsula/.p2/pool/plugins/fr.ac6.mcu.externaltools.arm-none.linux64_1.17.0.201812190825/tools/compiler/bin/../lib/gcc/arm-none-eabi/7.3.1/../../../../arm-none-eabi/lib/thumb/v7e-m/fpv4-sp/hard/libc_nano.a
LOAD /home/botsula/.p2/pool/plugins/fr.ac6.mcu.externaltools.arm-none.linux64_1.17.0.201812190825/tools/compiler/bin/../lib/gcc/arm-none-eabi/7.3.1/../../../../arm-none-eabi/lib/thumb/v7e-m/fpv4-sp/hard/libnosys.a
END GROUP
START GROUP
LOAD /home/botsula/.p2/pool/plugins/fr.ac6.mcu.externaltools.arm-none.linux64_1.17.0.201812190825/tools/compiler/bin/../lib/gcc/arm-none-eabi/7.3.1/thumb/v7e-m/fpv4-sp/hard/libgcc.a
LOAD /home/botsula/.p2/pool/plugins/fr.ac6.mcu.externaltools.arm-none.linux64_1.17.0.201812190825/tools/compiler/bin/../lib/gcc/arm-none-eabi/7.3.1/../../../../arm-none-eabi/lib/thumb/v7e-m/fpv4-sp/hard/libc_nano.a
LOAD /home/botsula/.p2/pool/plugins/fr.ac6.mcu.externaltools.arm-none.linux64_1.17.0.201812190825/tools/compiler/bin/../lib/gcc/arm-none-eabi/7.3.1/../../../../arm-none-eabi/lib/thumb/v7e-m/fpv4-sp/hard/libnosys.a
END GROUP
LOAD /home/botsula/.p2/pool/plugins/fr.ac6.mcu.externaltools.arm-none.linux64_1.17.0.201812190825/tools/compiler/bin/../lib/gcc/arm-none-eabi/7.3.1/thumb/v7e-m/fpv4-sp/hard/crtend.o
LOAD /home/botsula/.p2/pool/plugins/fr.ac6.mcu.externaltools.arm-none.linux64_1.17.0.201812190825/tools/compiler/bin/../lib/gcc/arm-none-eabi/7.3.1/thumb/v7e-m/fpv4-sp/hard/crtn.o
                0x0000000020020000                _estack = 0x20020000
                0x0000000000000200                _Min_Heap_Size = 0x200
                0x0000000000000400                _Min_Stack_Size = 0x400

.isr_vector     0x0000000008000000      0x198
                0x0000000008000000                . = ALIGN (0x4)
 *(.isr_vector)
 .isr_vector    0x0000000008000000      0x198 startup/startup_stm32f411xe.o
                0x0000000008000000                g_pfnVectors
                0x0000000008000198                . = ALIGN (0x4)

.text           0x0000000008000198     0x2504
                0x0000000008000198                . = ALIGN (0x4)
 *(.text)
 .text          0x0000000008000198       0x40 /home/botsula/.p2/pool/plugins/fr.ac6.mcu.externaltools.arm-none.linux64_1.17.0.201812190825/tools/compiler/bin/../lib/gcc/arm-none-eabi/7.3.1/thumb/v7e-m/fpv4-sp/hard/crtbegin.o
 .text          0x00000000080001d8       0x30 /home/botsula/.p2/pool/plugins/fr.ac6.mcu.externaltools.arm-none.linux64_1.17.0.201812190825/tools/compiler/bin/../lib/gcc/arm-none-eabi/7.3.1/thumb/v7e-m/fpv4-sp/hard/libgcc.a(_aeabi_uldivmod.o)
                0x00000000080001d8                __aeabi_uldivmod
 .text          0x0000000008000208      0x2cc /home/botsula/.p2/pool/plugins/fr.ac6.mcu.externaltools.arm-none.linux64_1.17.0.201812190825/tools/compiler/bin/../lib/gcc/arm-none-eabi/7.3.1/thumb/v7e-m/fpv4-sp/hard/libgcc.a(_udivmoddi4.o)
                0x0000000008000208                __udivmoddi4
 .text          0x00000000080004d4        0x4 /home/botsula/.p2/pool/plugins/fr.ac6.mcu.externaltools.arm-none.linux64_1.17.0.201812190825/tools/compiler/bin/../lib/gcc/arm-none-eabi/7.3.1/thumb/v7e-m/fpv4-sp/hard/libgcc.a(_dvmd_tls.o)
                0x00000000080004d4                __aeabi_ldiv0
                0x00000000080004d4                __aeabi_idiv0
 *(.text*)
 .text.HAL_InitTick
                0x00000000080004d8       0x48 Drivers/STM32F4xx_HAL_Driver/Src/stm32f4xx_hal.o
                0x00000000080004d8                HAL_InitTick
 .text.HAL_Init
                0x0000000008000520       0x34 Drivers/STM32F4xx_HAL_Driver/Src/stm32f4xx_hal.o
                0x0000000008000520                HAL_Init
 .text.HAL_IncTick
                0x0000000008000554       0x18 Drivers/STM32F4xx_HAL_Driver/Src/stm32f4xx_hal.o
                0x0000000008000554                HAL_IncTick
 .text.HAL_GetTick
                0x000000000800056c        0xc Drivers/STM32F4xx_HAL_Driver/Src/stm32f4xx_hal.o
                0x000000000800056c                HAL_GetTick
 .text.HAL_NVIC_SetPriorityGrouping
                0x0000000008000578       0x24 Drivers/STM32F4xx_HAL_Driver/Src/stm32f4xx_hal_cortex.o
                0x0000000008000578                HAL_NVIC_SetPriorityGrouping
 .text.HAL_NVIC_SetPriority
                0x000000000800059c       0x68 Drivers/STM32F4xx_HAL_Driver/Src/stm32f4xx_hal_cortex.o
                0x000000000800059c                HAL_NVIC_SetPriority
 .text.HAL_NVIC_EnableIRQ
                0x0000000008000604       0x1c Drivers/STM32F4xx_HAL_Driver/Src/stm32f4xx_hal_cortex.o
                0x0000000008000604                HAL_NVIC_EnableIRQ
 .text.HAL_SYSTICK_Config
                0x0000000008000620       0x2c Drivers/STM32F4xx_HAL_Driver/Src/stm32f4xx_hal_cortex.o
                0x0000000008000620                HAL_SYSTICK_Config
 .text.HAL_DMA_Abort_IT
                0x000000000800064c       0x26 Drivers/STM32F4xx_HAL_Driver/Src/stm32f4xx_hal_dma.o
                0x000000000800064c                HAL_DMA_Abort_IT
 *fill*         0x0000000008000672        0x2 
 .text.HAL_GPIO_Init
                0x0000000008000674      0x1a4 Drivers/STM32F4xx_HAL_Driver/Src/stm32f4xx_hal_gpio.o
                0x0000000008000674                HAL_GPIO_Init
 .text.HAL_GPIO_ReadPin
                0x0000000008000818        0xe Drivers/STM32F4xx_HAL_Driver/Src/stm32f4xx_hal_gpio.o
                0x0000000008000818                HAL_GPIO_ReadPin
 .text.HAL_GPIO_WritePin
                0x0000000008000826        0xc Drivers/STM32F4xx_HAL_Driver/Src/stm32f4xx_hal_gpio.o
                0x0000000008000826                HAL_GPIO_WritePin
 .text.HAL_GPIO_TogglePin
                0x0000000008000832       0x12 Drivers/STM32F4xx_HAL_Driver/Src/stm32f4xx_hal_gpio.o
                0x0000000008000832                HAL_GPIO_TogglePin
 .text.HAL_GPIO_EXTI_IRQHandler
                0x0000000008000844       0x1c Drivers/STM32F4xx_HAL_Driver/Src/stm32f4xx_hal_gpio.o
                0x0000000008000844                HAL_GPIO_EXTI_IRQHandler
 .text.HAL_RCC_OscConfig
                0x0000000008000860      0x3ec Drivers/STM32F4xx_HAL_Driver/Src/stm32f4xx_hal_rcc.o
                0x0000000008000860                HAL_RCC_OscConfig
 .text.HAL_RCC_GetSysClockFreq
                0x0000000008000c4c       0xd8 Drivers/STM32F4xx_HAL_Driver/Src/stm32f4xx_hal_rcc.o
                0x0000000008000c4c                HAL_RCC_GetSysClockFreq
 .text.HAL_RCC_ClockConfig
                0x0000000008000d24      0x160 Drivers/STM32F4xx_HAL_Driver/Src/stm32f4xx_hal_rcc.o
                0x0000000008000d24                HAL_RCC_ClockConfig
 .text.HAL_RCC_GetHCLKFreq
                0x0000000008000e84        0xc Drivers/STM32F4xx_HAL_Driver/Src/stm32f4xx_hal_rcc.o
                0x0000000008000e84                HAL_RCC_GetHCLKFreq
 .text.HAL_RCC_GetPCLK1Freq
                0x0000000008000e90       0x20 Drivers/STM32F4xx_HAL_Driver/Src/stm32f4xx_hal_rcc.o
                0x0000000008000e90                HAL_RCC_GetPCLK1Freq
 .text.HAL_RCC_GetPCLK2Freq
                0x0000000008000eb0       0x20 Drivers/STM32F4xx_HAL_Driver/Src/stm32f4xx_hal_rcc.o
                0x0000000008000eb0                HAL_RCC_GetPCLK2Freq
 .text.TIM_OC1_SetConfig
                0x0000000008000ed0       0x5c Drivers/STM32F4xx_HAL_Driver/Src/stm32f4xx_hal_tim.o
 .text.TIM_OC3_SetConfig
                0x0000000008000f2c       0x64 Drivers/STM32F4xx_HAL_Driver/Src/stm32f4xx_hal_tim.o
 .text.TIM_OC4_SetConfig
                0x0000000008000f90       0x48 Drivers/STM32F4xx_HAL_Driver/Src/stm32f4xx_hal_tim.o
 .text.TIM_TI1_ConfigInputStage
                0x0000000008000fd8       0x26 Drivers/STM32F4xx_HAL_Driver/Src/stm32f4xx_hal_tim.o
 .text.TIM_TI2_ConfigInputStage
                0x0000000008000ffe       0x28 Drivers/STM32F4xx_HAL_Driver/Src/stm32f4xx_hal_tim.o
 .text.TIM_ITRx_SetConfig
                0x0000000008001026       0x10 Drivers/STM32F4xx_HAL_Driver/Src/stm32f4xx_hal_tim.o
 .text.HAL_TIM_PWM_MspInit
                0x0000000008001036        0x2 Drivers/STM32F4xx_HAL_Driver/Src/stm32f4xx_hal_tim.o
                0x0000000008001036                HAL_TIM_PWM_MspInit
 .text.HAL_TIM_PeriodElapsedCallback
                0x0000000008001038        0x2 Drivers/STM32F4xx_HAL_Driver/Src/stm32f4xx_hal_tim.o
                0x0000000008001038                HAL_TIM_PeriodElapsedCallback
 .text.HAL_TIM_OC_DelayElapsedCallback
                0x000000000800103a        0x2 Drivers/STM32F4xx_HAL_Driver/Src/stm32f4xx_hal_tim.o
                0x000000000800103a                HAL_TIM_OC_DelayElapsedCallback
 .text.HAL_TIM_IC_CaptureCallback
                0x000000000800103c        0x2 Drivers/STM32F4xx_HAL_Driver/Src/stm32f4xx_hal_tim.o
                0x000000000800103c                HAL_TIM_IC_CaptureCallback
 .text.HAL_TIM_PWM_PulseFinishedCallback
                0x000000000800103e        0x2 Drivers/STM32F4xx_HAL_Driver/Src/stm32f4xx_hal_tim.o
                0x000000000800103e                HAL_TIM_PWM_PulseFinishedCallback
 .text.HAL_TIM_TriggerCallback
                0x0000000008001040        0x2 Drivers/STM32F4xx_HAL_Driver/Src/stm32f4xx_hal_tim.o
                0x0000000008001040                HAL_TIM_TriggerCallback
 .text.HAL_TIM_IRQHandler
                0x0000000008001042      0x17a Drivers/STM32F4xx_HAL_Driver/Src/stm32f4xx_hal_tim.o
                0x0000000008001042                HAL_TIM_IRQHandler
 .text.TIM_Base_SetConfig
                0x00000000080011bc       0x9c Drivers/STM32F4xx_HAL_Driver/Src/stm32f4xx_hal_tim.o
                0x00000000080011bc                TIM_Base_SetConfig
 .text.HAL_TIM_Base_Init
                0x0000000008001258       0x32 Drivers/STM32F4xx_HAL_Driver/Src/stm32f4xx_hal_tim.o
                0x0000000008001258                HAL_TIM_Base_Init
 .text.HAL_TIM_PWM_Init
                0x000000000800128a       0x32 Drivers/STM32F4xx_HAL_Driver/Src/stm32f4xx_hal_tim.o
                0x000000000800128a                HAL_TIM_PWM_Init
 .text.TIM_OC2_SetConfig
                0x00000000080012bc       0x64 Drivers/STM32F4xx_HAL_Driver/Src/stm32f4xx_hal_tim.o
                0x00000000080012bc                TIM_OC2_SetConfig
 .text.HAL_TIM_PWM_ConfigChannel
                0x0000000008001320       0xdc Drivers/STM32F4xx_HAL_Driver/Src/stm32f4xx_hal_tim.o
                0x0000000008001320                HAL_TIM_PWM_ConfigChannel
 .text.TIM_ETR_SetConfig
                0x00000000080013fc       0x18 Drivers/STM32F4xx_HAL_Driver/Src/stm32f4xx_hal_tim.o
                0x00000000080013fc                TIM_ETR_SetConfig
 .text.HAL_TIM_ConfigClockSource
                0x0000000008001414       0xda Drivers/STM32F4xx_HAL_Driver/Src/stm32f4xx_hal_tim.o
                0x0000000008001414                HAL_TIM_ConfigClockSource
 .text.TIM_CCxChannelCmd
                0x00000000080014ee       0x22 Drivers/STM32F4xx_HAL_Driver/Src/stm32f4xx_hal_tim.o
                0x00000000080014ee                TIM_CCxChannelCmd
 .text.HAL_TIM_PWM_Start
                0x0000000008001510       0x3c Drivers/STM32F4xx_HAL_Driver/Src/stm32f4xx_hal_tim.o
                0x0000000008001510                HAL_TIM_PWM_Start
 .text.HAL_TIMEx_MasterConfigSynchronization
                0x000000000800154c       0x78 Drivers/STM32F4xx_HAL_Driver/Src/stm32f4xx_hal_tim_ex.o
                0x000000000800154c                HAL_TIMEx_MasterConfigSynchronization
 .text.HAL_TIMEx_ConfigBreakDeadTime
                0x00000000080015c4       0x52 Drivers/STM32F4xx_HAL_Driver/Src/stm32f4xx_hal_tim_ex.o
                0x00000000080015c4                HAL_TIMEx_ConfigBreakDeadTime
 .text.HAL_TIMEx_CommutCallback
                0x0000000008001616        0x2 Drivers/STM32F4xx_HAL_Driver/Src/stm32f4xx_hal_tim_ex.o
                0x0000000008001616                HAL_TIMEx_CommutCallback
 .text.HAL_TIMEx_BreakCallback
                0x0000000008001618        0x2 Drivers/STM32F4xx_HAL_Driver/Src/stm32f4xx_hal_tim_ex.o
                0x0000000008001618                HAL_TIMEx_BreakCallback
 .text.UART_EndRxTransfer
                0x000000000800161a       0x1c Drivers/STM32F4xx_HAL_Driver/Src/stm32f4xx_hal_uart.o
 .text.UART_Transmit_IT
                0x0000000008001636       0x68 Drivers/STM32F4xx_HAL_Driver/Src/stm32f4xx_hal_uart.o
 *fill*         0x000000000800169e        0x2 
 .text.UART_SetConfig
                0x00000000080016a0      0x218 Drivers/STM32F4xx_HAL_Driver/Src/stm32f4xx_hal_uart.o
 .text.HAL_UART_Init
                0x00000000080018b8       0x5e Drivers/STM32F4xx_HAL_Driver/Src/stm32f4xx_hal_uart.o
                0x00000000080018b8                HAL_UART_Init
 .text.HAL_UART_Receive_IT
                0x0000000008001916       0x5c Drivers/STM32F4xx_HAL_Driver/Src/stm32f4xx_hal_uart.o
                0x0000000008001916                HAL_UART_Receive_IT
 .text.HAL_UART_TxCpltCallback
                0x0000000008001972        0x2 Drivers/STM32F4xx_HAL_Driver/Src/stm32f4xx_hal_uart.o
                0x0000000008001972                HAL_UART_TxCpltCallback
 .text.UART_EndTransmit_IT
                0x0000000008001974       0x1a Drivers/STM32F4xx_HAL_Driver/Src/stm32f4xx_hal_uart.o
 .text.UART_Receive_IT
                0x000000000800198e       0x9c Drivers/STM32F4xx_HAL_Driver/Src/stm32f4xx_hal_uart.o
 .text.HAL_UART_ErrorCallback
                0x0000000008001a2a        0x2 Drivers/STM32F4xx_HAL_Driver/Src/stm32f4xx_hal_uart.o
                0x0000000008001a2a                HAL_UART_ErrorCallback
 .text.HAL_UART_IRQHandler
                0x0000000008001a2c      0x128 Drivers/STM32F4xx_HAL_Driver/Src/stm32f4xx_hal_uart.o
                0x0000000008001a2c                HAL_UART_IRQHandler
 .text.UART_DMAAbortOnError
                0x0000000008001b54       0x10 Drivers/STM32F4xx_HAL_Driver/Src/stm32f4xx_hal_uart.o
 .text.MX_GPIO_Init
                0x0000000008001b64      0x118 Src/gpio.o
                0x0000000008001b64                MX_GPIO_Init
 .text.getUs    0x0000000008001c7c       0x3c Src/main.o
                0x0000000008001c7c                getUs
 .text.HAL_GPIO_EXTI_Callback
                0x0000000008001cb8       0x5c Src/main.o
                0x0000000008001cb8                HAL_GPIO_EXTI_Callback
 .text.reset_all
                0x0000000008001d14       0x3c Src/main.o
                0x0000000008001d14                reset_all
 .text.go_up    0x0000000008001d50       0x28 Src/main.o
                0x0000000008001d50                go_up
 .text.line_mode_3
                0x0000000008001d78      0x208 Src/main.o
                0x0000000008001d78                line_mode_3
 .text.HAL_UART_RxCpltCallback
                0x0000000008001f80      0x170 Src/main.o
                0x0000000008001f80                HAL_UART_RxCpltCallback
 .text.SystemClock_Config
                0x00000000080020f0       0x94 Src/main.o
                0x00000000080020f0                SystemClock_Config
 .text.main     0x0000000008002184       0x54 Src/main.o
                0x0000000008002184                main
 .text.Error_Handler
                0x00000000080021d8        0x2 Src/main.o
                0x00000000080021d8                Error_Handler
 *fill*         0x00000000080021da        0x2 
 .text.HAL_MspInit
                0x00000000080021dc       0x38 Src/stm32f4xx_hal_msp.o
                0x00000000080021dc                HAL_MspInit
 .text.NMI_Handler
                0x0000000008002214        0x2 Src/stm32f4xx_it.o
                0x0000000008002214                NMI_Handler
 .text.HardFault_Handler
                0x0000000008002216        0x2 Src/stm32f4xx_it.o
                0x0000000008002216                HardFault_Handler
 .text.MemManage_Handler
                0x0000000008002218        0x2 Src/stm32f4xx_it.o
                0x0000000008002218                MemManage_Handler
 .text.BusFault_Handler
                0x000000000800221a        0x2 Src/stm32f4xx_it.o
                0x000000000800221a                BusFault_Handler
 .text.UsageFault_Handler
                0x000000000800221c        0x2 Src/stm32f4xx_it.o
                0x000000000800221c                UsageFault_Handler
 .text.SVC_Handler
                0x000000000800221e        0x2 Src/stm32f4xx_it.o
                0x000000000800221e                SVC_Handler
 .text.DebugMon_Handler
                0x0000000008002220        0x2 Src/stm32f4xx_it.o
                0x0000000008002220                DebugMon_Handler
 .text.PendSV_Handler
                0x0000000008002222        0x2 Src/stm32f4xx_it.o
                0x0000000008002222                PendSV_Handler
 .text.SysTick_Handler
                0x0000000008002224        0x8 Src/stm32f4xx_it.o
                0x0000000008002224                SysTick_Handler
 .text.TIM1_BRK_TIM9_IRQHandler
                0x000000000800222c       0x10 Src/stm32f4xx_it.o
                0x000000000800222c                TIM1_BRK_TIM9_IRQHandler
 .text.TIM1_UP_TIM10_IRQHandler
                0x000000000800223c       0x10 Src/stm32f4xx_it.o
                0x000000000800223c                TIM1_UP_TIM10_IRQHandler
 .text.TIM1_TRG_COM_TIM11_IRQHandler
                0x000000000800224c       0x10 Src/stm32f4xx_it.o
                0x000000000800224c                TIM1_TRG_COM_TIM11_IRQHandler
 .text.TIM1_CC_IRQHandler
                0x000000000800225c       0x10 Src/stm32f4xx_it.o
                0x000000000800225c                TIM1_CC_IRQHandler
 .text.TIM2_IRQHandler
                0x000000000800226c       0x10 Src/stm32f4xx_it.o
                0x000000000800226c                TIM2_IRQHandler
 .text.USART2_IRQHandler
                0x000000000800227c       0x10 Src/stm32f4xx_it.o
                0x000000000800227c                USART2_IRQHandler
 .text.EXTI15_10_IRQHandler
                0x000000000800228c        0xc Src/stm32f4xx_it.o
                0x000000000800228c                EXTI15_10_IRQHandler
 .text.SystemInit
                0x0000000008002298       0x1c Src/system_stm32f4xx.o
                0x0000000008002298                SystemInit
 .text.MX_TIM2_Init
                0x00000000080022b4       0x74 Src/tim.o
                0x00000000080022b4                MX_TIM2_Init
 .text.HAL_TIM_Base_MspInit
                0x0000000008002328       0xa4 Src/tim.o
                0x0000000008002328                HAL_TIM_Base_MspInit
 .text.HAL_TIM_MspPostInit
                0x00000000080023cc       0x5c Src/tim.o
                0x00000000080023cc                HAL_TIM_MspPostInit
 .text.MX_TIM1_Init
                0x0000000008002428       0xfc Src/tim.o
                0x0000000008002428                MX_TIM1_Init
 .text.MX_USART2_UART_Init
                0x0000000008002524       0x34 Src/usart.o
                0x0000000008002524                MX_USART2_UART_Init
 .text.HAL_UART_MspInit
                0x0000000008002558       0x80 Src/usart.o
                0x0000000008002558                HAL_UART_MspInit
 .text.Reset_Handler
                0x00000000080025d8       0x50 startup/startup_stm32f411xe.o
                0x00000000080025d8                Reset_Handler
 .text.Default_Handler
                0x0000000008002628        0x2 startup/startup_stm32f411xe.o
                0x0000000008002628                RTC_Alarm_IRQHandler
                0x0000000008002628                EXTI2_IRQHandler
                0x0000000008002628                SPI4_IRQHandler
                0x0000000008002628                DMA2_Stream5_IRQHandler
                0x0000000008002628                DMA1_Stream5_IRQHandler
                0x0000000008002628                PVD_IRQHandler
                0x0000000008002628                SDIO_IRQHandler
                0x0000000008002628                TAMP_STAMP_IRQHandler
                0x0000000008002628                EXTI3_IRQHandler
                0x0000000008002628                I2C3_ER_IRQHandler
                0x0000000008002628                EXTI0_IRQHandler
                0x0000000008002628                I2C2_EV_IRQHandler
                0x0000000008002628                DMA1_Stream2_IRQHandler
                0x0000000008002628                FPU_IRQHandler
                0x0000000008002628                DMA2_Stream2_IRQHandler
                0x0000000008002628                SPI1_IRQHandler
                0x0000000008002628                DMA2_Stream3_IRQHandler
                0x0000000008002628                USART6_IRQHandler
                0x0000000008002628                DMA2_Stream0_IRQHandler
                0x0000000008002628                TIM4_IRQHandler
                0x0000000008002628                I2C1_EV_IRQHandler
                0x0000000008002628                DMA1_Stream6_IRQHandler
                0x0000000008002628                DMA1_Stream1_IRQHandler
                0x0000000008002628                TIM3_IRQHandler
                0x0000000008002628                RCC_IRQHandler
                0x0000000008002628                Default_Handler
                0x0000000008002628                ADC_IRQHandler
                0x0000000008002628                DMA1_Stream7_IRQHandler
                0x0000000008002628                SPI5_IRQHandler
                0x0000000008002628                TIM5_IRQHandler
                0x0000000008002628                DMA2_Stream7_IRQHandler
                0x0000000008002628                I2C3_EV_IRQHandler
                0x0000000008002628                EXTI9_5_IRQHandler
                0x0000000008002628                RTC_WKUP_IRQHandler
                0x0000000008002628                SPI2_IRQHandler
                0x0000000008002628                DMA1_Stream0_IRQHandler
                0x0000000008002628                EXTI4_IRQHandler
                0x0000000008002628                WWDG_IRQHandler
                0x0000000008002628                OTG_FS_WKUP_IRQHandler
                0x0000000008002628                EXTI1_IRQHandler
                0x0000000008002628                I2C2_ER_IRQHandler
                0x0000000008002628                DMA2_Stream1_IRQHandler
                0x0000000008002628                FLASH_IRQHandler
                0x0000000008002628                DMA2_Stream4_IRQHandler
                0x0000000008002628                USART1_IRQHandler
                0x0000000008002628                OTG_FS_IRQHandler
                0x0000000008002628                SPI3_IRQHandler
                0x0000000008002628                DMA1_Stream4_IRQHandler
                0x0000000008002628                I2C1_ER_IRQHandler
                0x0000000008002628                DMA2_Stream6_IRQHandler
                0x0000000008002628                DMA1_Stream3_IRQHandler
 *fill*         0x000000000800262a        0x2 
 .text.__libc_init_array
                0x000000000800262c       0x48 /home/botsula/.p2/pool/plugins/fr.ac6.mcu.externaltools.arm-none.linux64_1.17.0.201812190825/tools/compiler/bin/../lib/gcc/arm-none-eabi/7.3.1/../../../../arm-none-eabi/lib/thumb/v7e-m/fpv4-sp/hard/libc_nano.a(lib_a-init.o)
                0x000000000800262c                __libc_init_array
 .text.memset   0x0000000008002674       0x10 /home/botsula/.p2/pool/plugins/fr.ac6.mcu.externaltools.arm-none.linux64_1.17.0.201812190825/tools/compiler/bin/../lib/gcc/arm-none-eabi/7.3.1/../../../../arm-none-eabi/lib/thumb/v7e-m/fpv4-sp/hard/libc_nano.a(lib_a-memset.o)
                0x0000000008002674                memset
 *(.glue_7)
 .glue_7        0x0000000008002684        0x0 linker stubs
 *(.glue_7t)
 .glue_7t       0x0000000008002684        0x0 linker stubs
 *(.eh_frame)
 .eh_frame      0x0000000008002684        0x0 /home/botsula/.p2/pool/plugins/fr.ac6.mcu.externaltools.arm-none.linux64_1.17.0.201812190825/tools/compiler/bin/../lib/gcc/arm-none-eabi/7.3.1/thumb/v7e-m/fpv4-sp/hard/crtbegin.o
 *(.init)
 .init          0x0000000008002684        0x4 /home/botsula/.p2/pool/plugins/fr.ac6.mcu.externaltools.arm-none.linux64_1.17.0.201812190825/tools/compiler/bin/../lib/gcc/arm-none-eabi/7.3.1/thumb/v7e-m/fpv4-sp/hard/crti.o
                0x0000000008002684                _init
 .init          0x0000000008002688        0x8 /home/botsula/.p2/pool/plugins/fr.ac6.mcu.externaltools.arm-none.linux64_1.17.0.201812190825/tools/compiler/bin/../lib/gcc/arm-none-eabi/7.3.1/thumb/v7e-m/fpv4-sp/hard/crtn.o
 *(.fini)
 .fini          0x0000000008002690        0x4 /home/botsula/.p2/pool/plugins/fr.ac6.mcu.externaltools.arm-none.linux64_1.17.0.201812190825/tools/compiler/bin/../lib/gcc/arm-none-eabi/7.3.1/thumb/v7e-m/fpv4-sp/hard/crti.o
                0x0000000008002690                _fini
 .fini          0x0000000008002694        0x8 /home/botsula/.p2/pool/plugins/fr.ac6.mcu.externaltools.arm-none.linux64_1.17.0.201812190825/tools/compiler/bin/../lib/gcc/arm-none-eabi/7.3.1/thumb/v7e-m/fpv4-sp/hard/crtn.o
                0x000000000800269c                . = ALIGN (0x4)
                0x000000000800269c                _etext = .

.vfp11_veneer   0x000000000800269c        0x0
 .vfp11_veneer  0x000000000800269c        0x0 linker stubs

.v4_bx          0x000000000800269c        0x0
 .v4_bx         0x000000000800269c        0x0 linker stubs

.iplt           0x000000000800269c        0x0
 .iplt          0x000000000800269c        0x0 /home/botsula/.p2/pool/plugins/fr.ac6.mcu.externaltools.arm-none.linux64_1.17.0.201812190825/tools/compiler/bin/../lib/gcc/arm-none-eabi/7.3.1/thumb/v7e-m/fpv4-sp/hard/crtbegin.o

.rodata         0x000000000800269c       0x18
                0x000000000800269c                . = ALIGN (0x4)
 *(.rodata)
 .rodata        0x000000000800269c       0x18 Src/system_stm32f4xx.o
                0x000000000800269c                AHBPrescTable
                0x00000000080026ac                APBPrescTable
 *(.rodata*)
                0x00000000080026b4                . = ALIGN (0x4)

.ARM.extab
 *(.ARM.extab* .gnu.linkonce.armextab.*)

.ARM            0x00000000080026b4        0x8
                0x00000000080026b4                __exidx_start = .
 *(.ARM.exidx*)
 .ARM.exidx     0x00000000080026b4        0x8 /home/botsula/.p2/pool/plugins/fr.ac6.mcu.externaltools.arm-none.linux64_1.17.0.201812190825/tools/compiler/bin/../lib/gcc/arm-none-eabi/7.3.1/thumb/v7e-m/fpv4-sp/hard/libgcc.a(_udivmoddi4.o)
                0x00000000080026bc                __exidx_end = .

.rel.dyn        0x00000000080026bc        0x0
 .rel.iplt      0x00000000080026bc        0x0 /home/botsula/.p2/pool/plugins/fr.ac6.mcu.externaltools.arm-none.linux64_1.17.0.201812190825/tools/compiler/bin/../lib/gcc/arm-none-eabi/7.3.1/thumb/v7e-m/fpv4-sp/hard/crtbegin.o

.preinit_array  0x00000000080026bc        0x0
                0x00000000080026bc                PROVIDE (__preinit_array_start = .)
 *(.preinit_array*)
                0x00000000080026bc                PROVIDE (__preinit_array_end = .)

.init_array     0x00000000080026bc        0x4
                0x00000000080026bc                PROVIDE (__init_array_start = .)
 *(SORT_BY_NAME(.init_array.*))
 *(.init_array*)
 .init_array    0x00000000080026bc        0x4 /home/botsula/.p2/pool/plugins/fr.ac6.mcu.externaltools.arm-none.linux64_1.17.0.201812190825/tools/compiler/bin/../lib/gcc/arm-none-eabi/7.3.1/thumb/v7e-m/fpv4-sp/hard/crtbegin.o
                0x00000000080026c0                PROVIDE (__init_array_end = .)

.fini_array     0x00000000080026c0        0x4
                [!provide]                        PROVIDE (__fini_array_start = .)
 *(SORT_BY_NAME(.fini_array.*))
 *(.fini_array*)
 .fini_array    0x00000000080026c0        0x4 /home/botsula/.p2/pool/plugins/fr.ac6.mcu.externaltools.arm-none.linux64_1.17.0.201812190825/tools/compiler/bin/../lib/gcc/arm-none-eabi/7.3.1/thumb/v7e-m/fpv4-sp/hard/crtbegin.o
                [!provide]                        PROVIDE (__fini_array_end = .)
                0x00000000080026c4                _sidata = LOADADDR (.data)

.data           0x0000000020000000       0xdc load address 0x00000000080026c4
                0x0000000020000000                . = ALIGN (0x4)
                0x0000000020000000                _sdata = .
 *(.data)
 .data          0x0000000020000000        0x8 Drivers/STM32F4xx_HAL_Driver/Src/stm32f4xx_hal.o
                0x0000000020000000                uwTickFreq
                0x0000000020000004                uwTickPrio
 .data          0x0000000020000008       0xd0 Src/main.o
                0x0000000020000008                arr_ccr
                0x0000000020000010                str2
                0x0000000020000074                str1
 .data          0x00000000200000d8        0x4 Src/system_stm32f4xx.o
                0x00000000200000d8                SystemCoreClock
 *(.data*)
                0x00000000200000dc                . = ALIGN (0x4)
                0x00000000200000dc                _edata = .

.igot.plt       0x00000000200000dc        0x0 load address 0x00000000080027a0
 .igot.plt      0x00000000200000dc        0x0 /home/botsula/.p2/pool/plugins/fr.ac6.mcu.externaltools.arm-none.linux64_1.17.0.201812190825/tools/compiler/bin/../lib/gcc/arm-none-eabi/7.3.1/thumb/v7e-m/fpv4-sp/hard/crtbegin.o
                0x00000000200000dc                . = ALIGN (0x4)

.bss            0x00000000200000dc      0x164 load address 0x00000000080027a0
                0x00000000200000dc                _sbss = .
                0x00000000200000dc                __bss_start__ = _sbss
 *(.bss)
 .bss           0x00000000200000dc       0x1c /home/botsula/.p2/pool/plugins/fr.ac6.mcu.externaltools.arm-none.linux64_1.17.0.201812190825/tools/compiler/bin/../lib/gcc/arm-none-eabi/7.3.1/thumb/v7e-m/fpv4-sp/hard/crtbegin.o
 .bss           0x00000000200000f8        0x1 Src/main.o
                0x00000000200000f8                state
 *(.bss*)
 *(COMMON)
 *fill*         0x00000000200000f9        0x3 
 COMMON         0x00000000200000fc        0x4 Drivers/STM32F4xx_HAL_Driver/Src/stm32f4xx_hal.o
                0x00000000200000fc                uwTick
 COMMON         0x0000000020000100       0xc0 Src/main.o
                0x0000000020000100                byte_2
                0x0000000020000104                measured_time
                0x0000000020000108                b_chars
                0x000000002000010e                r
                0x000000002000010f                byte
                0x0000000020000110                echo_finish
                0x0000000020000114                meters_sec
                0x0000000020000178                num_div
                0x000000002000017c                huart2
                0x00000000200001bc                echo_start
 COMMON         0x00000000200001c0       0x80 Src/tim.o
                0x00000000200001c0                htim1
                0x0000000020000200                htim2
                0x0000000020000240                . = ALIGN (0x4)
                0x0000000020000240                _ebss = .
                0x0000000020000240                __bss_end__ = _ebss

._user_heap_stack
                0x0000000020000240      0x600 load address 0x00000000080027a0
                0x0000000020000240                . = ALIGN (0x8)
                0x0000000020000240                PROVIDE (end = .)
                [!provide]                        PROVIDE (_end = .)
                0x0000000020000440                . = (. + _Min_Heap_Size)
 *fill*         0x0000000020000240      0x200 
                0x0000000020000840                . = (. + _Min_Stack_Size)
 *fill*         0x0000000020000440      0x400 
                0x0000000020000840                . = ALIGN (0x8)

/DISCARD/
 libc.a(*)
 libm.a(*)
 libgcc.a(*)

.ARM.attributes
                0x0000000000000000       0x30
 *(.ARM.attributes)
 .ARM.attributes
                0x0000000000000000       0x22 /home/botsula/.p2/pool/plugins/fr.ac6.mcu.externaltools.arm-none.linux64_1.17.0.201812190825/tools/compiler/bin/../lib/gcc/arm-none-eabi/7.3.1/thumb/v7e-m/fpv4-sp/hard/crti.o
 .ARM.attributes
                0x0000000000000022       0x34 /home/botsula/.p2/pool/plugins/fr.ac6.mcu.externaltools.arm-none.linux64_1.17.0.201812190825/tools/compiler/bin/../lib/gcc/arm-none-eabi/7.3.1/thumb/v7e-m/fpv4-sp/hard/crtbegin.o
 .ARM.attributes
                0x0000000000000056       0x39 Drivers/STM32F4xx_HAL_Driver/Src/stm32f4xx_hal.o
 .ARM.attributes
                0x000000000000008f       0x39 Drivers/STM32F4xx_HAL_Driver/Src/stm32f4xx_hal_cortex.o
 .ARM.attributes
                0x00000000000000c8       0x39 Drivers/STM32F4xx_HAL_Driver/Src/stm32f4xx_hal_dma.o
 .ARM.attributes
                0x0000000000000101       0x39 Drivers/STM32F4xx_HAL_Driver/Src/stm32f4xx_hal_gpio.o
 .ARM.attributes
                0x000000000000013a       0x39 Drivers/STM32F4xx_HAL_Driver/Src/stm32f4xx_hal_rcc.o
 .ARM.attributes
                0x0000000000000173       0x39 Drivers/STM32F4xx_HAL_Driver/Src/stm32f4xx_hal_tim.o
 .ARM.attributes
                0x00000000000001ac       0x39 Drivers/STM32F4xx_HAL_Driver/Src/stm32f4xx_hal_tim_ex.o
 .ARM.attributes
                0x00000000000001e5       0x39 Drivers/STM32F4xx_HAL_Driver/Src/stm32f4xx_hal_uart.o
 .ARM.attributes
                0x000000000000021e       0x39 Src/gpio.o
 .ARM.attributes
                0x0000000000000257       0x39 Src/main.o
 .ARM.attributes
                0x0000000000000290       0x39 Src/stm32f4xx_hal_msp.o
 .ARM.attributes
                0x00000000000002c9       0x39 Src/stm32f4xx_it.o
 .ARM.attributes
                0x0000000000000302       0x39 Src/system_stm32f4xx.o
 .ARM.attributes
                0x000000000000033b       0x39 Src/tim.o
 .ARM.attributes
                0x0000000000000374       0x39 Src/usart.o
 .ARM.attributes
                0x00000000000003ad       0x21 startup/startup_stm32f411xe.o
 .ARM.attributes
                0x00000000000003ce       0x22 /home/botsula/.p2/pool/plugins/fr.ac6.mcu.externaltools.arm-none.linux64_1.17.0.201812190825/tools/compiler/bin/../lib/gcc/arm-none-eabi/7.3.1/thumb/v7e-m/fpv4-sp/hard/libgcc.a(_aeabi_uldivmod.o)
 .ARM.attributes
                0x00000000000003f0       0x34 /home/botsula/.p2/pool/plugins/fr.ac6.mcu.externaltools.arm-none.linux64_1.17.0.201812190825/tools/compiler/bin/../lib/gcc/arm-none-eabi/7.3.1/thumb/v7e-m/fpv4-sp/hard/libgcc.a(_udivmoddi4.o)
 .ARM.attributes
                0x0000000000000424       0x22 /home/botsula/.p2/pool/plugins/fr.ac6.mcu.externaltools.arm-none.linux64_1.17.0.201812190825/tools/compiler/bin/../lib/gcc/arm-none-eabi/7.3.1/thumb/v7e-m/fpv4-sp/hard/libgcc.a(_dvmd_tls.o)
 .ARM.attributes
                0x0000000000000446       0x34 /home/botsula/.p2/pool/plugins/fr.ac6.mcu.externaltools.arm-none.linux64_1.17.0.201812190825/tools/compiler/bin/../lib/gcc/arm-none-eabi/7.3.1/../../../../arm-none-eabi/lib/thumb/v7e-m/fpv4-sp/hard/libc_nano.a(lib_a-init.o)
 .ARM.attributes
                0x000000000000047a       0x34 /home/botsula/.p2/pool/plugins/fr.ac6.mcu.externaltools.arm-none.linux64_1.17.0.201812190825/tools/compiler/bin/../lib/gcc/arm-none-eabi/7.3.1/../../../../arm-none-eabi/lib/thumb/v7e-m/fpv4-sp/hard/libc_nano.a(lib_a-memset.o)
 .ARM.attributes
                0x00000000000004ae       0x22 /home/botsula/.p2/pool/plugins/fr.ac6.mcu.externaltools.arm-none.linux64_1.17.0.201812190825/tools/compiler/bin/../lib/gcc/arm-none-eabi/7.3.1/thumb/v7e-m/fpv4-sp/hard/crtn.o
OUTPUT(car_6_speed_3line.elf elf32-littlearm)

.debug_info     0x0000000000000000     0xef6d
 .debug_info    0x0000000000000000      0x985 Drivers/STM32F4xx_HAL_Driver/Src/stm32f4xx_hal.o
 .debug_info    0x0000000000000985      0xefc Drivers/STM32F4xx_HAL_Driver/Src/stm32f4xx_hal_cortex.o
 .debug_info    0x0000000000001881      0xaa5 Drivers/STM32F4xx_HAL_Driver/Src/stm32f4xx_hal_dma.o
 .debug_info    0x0000000000002326      0x7ea Drivers/STM32F4xx_HAL_Driver/Src/stm32f4xx_hal_gpio.o
 .debug_info    0x0000000000002b10      0xabe Drivers/STM32F4xx_HAL_Driver/Src/stm32f4xx_hal_rcc.o
 .debug_info    0x00000000000035ce     0x31d3 Drivers/STM32F4xx_HAL_Driver/Src/stm32f4xx_hal_tim.o
 .debug_info    0x00000000000067a1     0x14e1 Drivers/STM32F4xx_HAL_Driver/Src/stm32f4xx_hal_tim_ex.o
 .debug_info    0x0000000000007c82     0x1715 Drivers/STM32F4xx_HAL_Driver/Src/stm32f4xx_hal_uart.o
 .debug_info    0x0000000000009397      0x7ce Src/gpio.o
 .debug_info    0x0000000000009b65     0x2386 Src/main.o
 .debug_info    0x000000000000beeb      0x38c Src/stm32f4xx_hal_msp.o
 .debug_info    0x000000000000c277      0xa14 Src/stm32f4xx_it.o
 .debug_info    0x000000000000cc8b      0x583 Src/system_stm32f4xx.o
 .debug_info    0x000000000000d20e     0x1148 Src/tim.o
 .debug_info    0x000000000000e356      0xbf5 Src/usart.o
 .debug_info    0x000000000000ef4b       0x22 startup/startup_stm32f411xe.o

.debug_abbrev   0x0000000000000000     0x2066
 .debug_abbrev  0x0000000000000000      0x218 Drivers/STM32F4xx_HAL_Driver/Src/stm32f4xx_hal.o
 .debug_abbrev  0x0000000000000218      0x328 Drivers/STM32F4xx_HAL_Driver/Src/stm32f4xx_hal_cortex.o
 .debug_abbrev  0x0000000000000540      0x258 Drivers/STM32F4xx_HAL_Driver/Src/stm32f4xx_hal_dma.o
 .debug_abbrev  0x0000000000000798      0x1e7 Drivers/STM32F4xx_HAL_Driver/Src/stm32f4xx_hal_gpio.o
 .debug_abbrev  0x000000000000097f      0x273 Drivers/STM32F4xx_HAL_Driver/Src/stm32f4xx_hal_rcc.o
 .debug_abbrev  0x0000000000000bf2      0x235 Drivers/STM32F4xx_HAL_Driver/Src/stm32f4xx_hal_tim.o
 .debug_abbrev  0x0000000000000e27      0x246 Drivers/STM32F4xx_HAL_Driver/Src/stm32f4xx_hal_tim_ex.o
 .debug_abbrev  0x000000000000106d      0x297 Drivers/STM32F4xx_HAL_Driver/Src/stm32f4xx_hal_uart.o
 .debug_abbrev  0x0000000000001304      0x17c Src/gpio.o
 .debug_abbrev  0x0000000000001480      0x40f Src/main.o
 .debug_abbrev  0x000000000000188f      0x109 Src/stm32f4xx_hal_msp.o
 .debug_abbrev  0x0000000000001998      0x1c9 Src/stm32f4xx_it.o
 .debug_abbrev  0x0000000000001b61      0x12b Src/system_stm32f4xx.o
 .debug_abbrev  0x0000000000001c8c      0x1f6 Src/tim.o
 .debug_abbrev  0x0000000000001e82      0x1d2 Src/usart.o
 .debug_abbrev  0x0000000000002054       0x12 startup/startup_stm32f411xe.o

.debug_loc      0x0000000000000000     0x7e48
 .debug_loc     0x0000000000000000      0x11b Drivers/STM32F4xx_HAL_Driver/Src/stm32f4xx_hal.o
 .debug_loc     0x000000000000011b      0x5ce Drivers/STM32F4xx_HAL_Driver/Src/stm32f4xx_hal_cortex.o
 .debug_loc     0x00000000000006e9      0xb4e Drivers/STM32F4xx_HAL_Driver/Src/stm32f4xx_hal_dma.o
 .debug_loc     0x0000000000001237      0x476 Drivers/STM32F4xx_HAL_Driver/Src/stm32f4xx_hal_gpio.o
 .debug_loc     0x00000000000016ad      0x40f Drivers/STM32F4xx_HAL_Driver/Src/stm32f4xx_hal_rcc.o
 .debug_loc     0x0000000000001abc     0x38f0 Drivers/STM32F4xx_HAL_Driver/Src/stm32f4xx_hal_tim.o
 .debug_loc     0x00000000000053ac     0x11a0 Drivers/STM32F4xx_HAL_Driver/Src/stm32f4xx_hal_tim_ex.o
 .debug_loc     0x000000000000654c     0x1599 Drivers/STM32F4xx_HAL_Driver/Src/stm32f4xx_hal_uart.o
 .debug_loc     0x0000000000007ae5       0xd1 Src/main.o
 .debug_loc     0x0000000000007bb6      0x13e Src/system_stm32f4xx.o
 .debug_loc     0x0000000000007cf4       0xe0 Src/tim.o
 .debug_loc     0x0000000000007dd4       0x74 Src/usart.o

.debug_aranges  0x0000000000000000      0xbf0
 .debug_aranges
                0x0000000000000000       0xf0 Drivers/STM32F4xx_HAL_Driver/Src/stm32f4xx_hal.o
 .debug_aranges
                0x00000000000000f0       0xa8 Drivers/STM32F4xx_HAL_Driver/Src/stm32f4xx_hal_cortex.o
 .debug_aranges
                0x0000000000000198       0x90 Drivers/STM32F4xx_HAL_Driver/Src/stm32f4xx_hal_dma.o
 .debug_aranges
                0x0000000000000228       0x58 Drivers/STM32F4xx_HAL_Driver/Src/stm32f4xx_hal_gpio.o
 .debug_aranges
                0x0000000000000280       0x88 Drivers/STM32F4xx_HAL_Driver/Src/stm32f4xx_hal_rcc.o
 .debug_aranges
                0x0000000000000308      0x3a8 Drivers/STM32F4xx_HAL_Driver/Src/stm32f4xx_hal_tim.o
 .debug_aranges
                0x00000000000006b0      0x150 Drivers/STM32F4xx_HAL_Driver/Src/stm32f4xx_hal_tim_ex.o
 .debug_aranges
                0x0000000000000800      0x1d0 Drivers/STM32F4xx_HAL_Driver/Src/stm32f4xx_hal_uart.o
 .debug_aranges
                0x00000000000009d0       0x20 Src/gpio.o
 .debug_aranges
                0x00000000000009f0       0x88 Src/main.o
 .debug_aranges
                0x0000000000000a78       0x20 Src/stm32f4xx_hal_msp.o
 .debug_aranges
                0x0000000000000a98       0x98 Src/stm32f4xx_it.o
 .debug_aranges
                0x0000000000000b30       0x28 Src/system_stm32f4xx.o
 .debug_aranges
                0x0000000000000b58       0x40 Src/tim.o
 .debug_aranges
                0x0000000000000b98       0x30 Src/usart.o
 .debug_aranges
                0x0000000000000bc8       0x28 startup/startup_stm32f411xe.o

.debug_ranges   0x0000000000000000      0xb70
 .debug_ranges  0x0000000000000000       0xe0 Drivers/STM32F4xx_HAL_Driver/Src/stm32f4xx_hal.o
 .debug_ranges  0x00000000000000e0       0xf8 Drivers/STM32F4xx_HAL_Driver/Src/stm32f4xx_hal_cortex.o
 .debug_ranges  0x00000000000001d8       0x80 Drivers/STM32F4xx_HAL_Driver/Src/stm32f4xx_hal_dma.o
 .debug_ranges  0x0000000000000258       0x48 Drivers/STM32F4xx_HAL_Driver/Src/stm32f4xx_hal_gpio.o
 .debug_ranges  0x00000000000002a0       0x90 Drivers/STM32F4xx_HAL_Driver/Src/stm32f4xx_hal_rcc.o
 .debug_ranges  0x0000000000000330      0x398 Drivers/STM32F4xx_HAL_Driver/Src/stm32f4xx_hal_tim.o
 .debug_ranges  0x00000000000006c8      0x140 Drivers/STM32F4xx_HAL_Driver/Src/stm32f4xx_hal_tim_ex.o
 .debug_ranges  0x0000000000000808      0x1c0 Drivers/STM32F4xx_HAL_Driver/Src/stm32f4xx_hal_uart.o
 .debug_ranges  0x00000000000009c8       0x10 Src/gpio.o
 .debug_ranges  0x00000000000009d8       0x78 Src/main.o
 .debug_ranges  0x0000000000000a50       0x10 Src/stm32f4xx_hal_msp.o
 .debug_ranges  0x0000000000000a60       0x88 Src/stm32f4xx_it.o
 .debug_ranges  0x0000000000000ae8       0x18 Src/system_stm32f4xx.o
 .debug_ranges  0x0000000000000b00       0x30 Src/tim.o
 .debug_ranges  0x0000000000000b30       0x20 Src/usart.o
 .debug_ranges  0x0000000000000b50       0x20 startup/startup_stm32f411xe.o

.debug_macro    0x0000000000000000    0x16757
 .debug_macro   0x0000000000000000      0x22e Drivers/STM32F4xx_HAL_Driver/Src/stm32f4xx_hal.o
 .debug_macro   0x000000000000022e      0xa60 Drivers/STM32F4xx_HAL_Driver/Src/stm32f4xx_hal.o
 .debug_macro   0x0000000000000c8e      0x18a Drivers/STM32F4xx_HAL_Driver/Src/stm32f4xx_hal.o
 .debug_macro   0x0000000000000e18       0x32 Drivers/STM32F4xx_HAL_Driver/Src/stm32f4xx_hal.o
 .debug_macro   0x0000000000000e4a       0x28 Drivers/STM32F4xx_HAL_Driver/Src/stm32f4xx_hal.o
 .debug_macro   0x0000000000000e72       0x22 Drivers/STM32F4xx_HAL_Driver/Src/stm32f4xx_hal.o
 .debug_macro   0x0000000000000e94       0x8e Drivers/STM32F4xx_HAL_Driver/Src/stm32f4xx_hal.o
 .debug_macro   0x0000000000000f22       0x51 Drivers/STM32F4xx_HAL_Driver/Src/stm32f4xx_hal.o
 .debug_macro   0x0000000000000f73       0xef Drivers/STM32F4xx_HAL_Driver/Src/stm32f4xx_hal.o
 .debug_macro   0x0000000000001062       0x6a Drivers/STM32F4xx_HAL_Driver/Src/stm32f4xx_hal.o
 .debug_macro   0x00000000000010cc      0x1df Drivers/STM32F4xx_HAL_Driver/Src/stm32f4xx_hal.o
 .debug_macro   0x00000000000012ab       0x1c Drivers/STM32F4xx_HAL_Driver/Src/stm32f4xx_hal.o
 .debug_macro   0x00000000000012c7       0x22 Drivers/STM32F4xx_HAL_Driver/Src/stm32f4xx_hal.o
 .debug_macro   0x00000000000012e9       0xdf Drivers/STM32F4xx_HAL_Driver/Src/stm32f4xx_hal.o
 .debug_macro   0x00000000000013c8     0x102d Drivers/STM32F4xx_HAL_Driver/Src/stm32f4xx_hal.o
 .debug_macro   0x00000000000023f5      0x11f Drivers/STM32F4xx_HAL_Driver/Src/stm32f4xx_hal.o
 .debug_macro   0x0000000000002514     0xb937 Drivers/STM32F4xx_HAL_Driver/Src/stm32f4xx_hal.o
 .debug_macro   0x000000000000de4b       0x43 Drivers/STM32F4xx_HAL_Driver/Src/stm32f4xx_hal.o
 .debug_macro   0x000000000000de8e     0x3652 Drivers/STM32F4xx_HAL_Driver/Src/stm32f4xx_hal.o
 .debug_macro   0x00000000000114e0      0x174 Drivers/STM32F4xx_HAL_Driver/Src/stm32f4xx_hal.o
 .debug_macro   0x0000000000011654       0x4e Drivers/STM32F4xx_HAL_Driver/Src/stm32f4xx_hal.o
 .debug_macro   0x00000000000116a2      0x447 Drivers/STM32F4xx_HAL_Driver/Src/stm32f4xx_hal.o
 .debug_macro   0x0000000000011ae9      0x9fe Drivers/STM32F4xx_HAL_Driver/Src/stm32f4xx_hal.o
 .debug_macro   0x00000000000124e7      0x15f Drivers/STM32F4xx_HAL_Driver/Src/stm32f4xx_hal.o
 .debug_macro   0x0000000000012646      0x117 Drivers/STM32F4xx_HAL_Driver/Src/stm32f4xx_hal.o
 .debug_macro   0x000000000001275d      0x11b Drivers/STM32F4xx_HAL_Driver/Src/stm32f4xx_hal.o
 .debug_macro   0x0000000000012878       0x27 Drivers/STM32F4xx_HAL_Driver/Src/stm32f4xx_hal.o
 .debug_macro   0x000000000001289f      0x287 Drivers/STM32F4xx_HAL_Driver/Src/stm32f4xx_hal.o
 .debug_macro   0x0000000000012b26       0x5f Drivers/STM32F4xx_HAL_Driver/Src/stm32f4xx_hal.o
 .debug_macro   0x0000000000012b85      0x236 Drivers/STM32F4xx_HAL_Driver/Src/stm32f4xx_hal.o
 .debug_macro   0x0000000000012dbb      0x132 Drivers/STM32F4xx_HAL_Driver/Src/stm32f4xx_hal.o
 .debug_macro   0x0000000000012eed      0x264 Drivers/STM32F4xx_HAL_Driver/Src/stm32f4xx_hal.o
 .debug_macro   0x0000000000013151       0x2e Drivers/STM32F4xx_HAL_Driver/Src/stm32f4xx_hal.o
 .debug_macro   0x000000000001317f      0x11a Drivers/STM32F4xx_HAL_Driver/Src/stm32f4xx_hal.o
 .debug_macro   0x0000000000013299       0x85 Drivers/STM32F4xx_HAL_Driver/Src/stm32f4xx_hal.o
 .debug_macro   0x000000000001331e       0x89 Drivers/STM32F4xx_HAL_Driver/Src/stm32f4xx_hal.o
 .debug_macro   0x00000000000133a7      0x8a0 Drivers/STM32F4xx_HAL_Driver/Src/stm32f4xx_hal.o
 .debug_macro   0x0000000000013c47       0x47 Drivers/STM32F4xx_HAL_Driver/Src/stm32f4xx_hal.o
 .debug_macro   0x0000000000013c8e      0x287 Drivers/STM32F4xx_HAL_Driver/Src/stm32f4xx_hal.o
 .debug_macro   0x0000000000013f15      0x126 Drivers/STM32F4xx_HAL_Driver/Src/stm32f4xx_hal.o
 .debug_macro   0x000000000001403b      0x1ce Drivers/STM32F4xx_HAL_Driver/Src/stm32f4xx_hal_cortex.o
 .debug_macro   0x0000000000014209      0x1d4 Drivers/STM32F4xx_HAL_Driver/Src/stm32f4xx_hal_dma.o
 .debug_macro   0x00000000000143dd      0x204 Drivers/STM32F4xx_HAL_Driver/Src/stm32f4xx_hal_gpio.o
 .debug_macro   0x00000000000145e1      0x1f2 Drivers/STM32F4xx_HAL_Driver/Src/stm32f4xx_hal_rcc.o
 .debug_macro   0x00000000000147d3      0x1cf Drivers/STM32F4xx_HAL_Driver/Src/stm32f4xx_hal_tim.o
 .debug_macro   0x00000000000149a2      0x1ce Drivers/STM32F4xx_HAL_Driver/Src/stm32f4xx_hal_tim_ex.o
 .debug_macro   0x0000000000014b70      0x1cf Drivers/STM32F4xx_HAL_Driver/Src/stm32f4xx_hal_uart.o
 .debug_macro   0x0000000000014d3f      0x1e7 Src/gpio.o
 .debug_macro   0x0000000000014f26       0x9a Src/gpio.o
 .debug_macro   0x0000000000014fc0      0x38c Src/main.o
 .debug_macro   0x000000000001534c       0x5e Src/main.o
 .debug_macro   0x00000000000153aa       0x18 Src/main.o
 .debug_macro   0x00000000000153c2       0x35 Src/main.o
 .debug_macro   0x00000000000153f7       0x34 Src/main.o
 .debug_macro   0x000000000001542b       0x16 Src/main.o
 .debug_macro   0x0000000000015441       0x35 Src/main.o
 .debug_macro   0x0000000000015476      0x32a Src/main.o
 .debug_macro   0x00000000000157a0       0x10 Src/main.o
 .debug_macro   0x00000000000157b0       0x58 Src/main.o
 .debug_macro   0x0000000000015808       0x1f Src/main.o
 .debug_macro   0x0000000000015827       0x43 Src/main.o
 .debug_macro   0x000000000001586a       0x20 Src/main.o
 .debug_macro   0x000000000001588a      0x18e Src/main.o
 .debug_macro   0x0000000000015a18       0x10 Src/main.o
 .debug_macro   0x0000000000015a28       0x1c Src/main.o
 .debug_macro   0x0000000000015a44       0x52 Src/main.o
 .debug_macro   0x0000000000015a96       0x40 Src/main.o
 .debug_macro   0x0000000000015ad6       0x10 Src/main.o
 .debug_macro   0x0000000000015ae6       0x40 Src/main.o
 .debug_macro   0x0000000000015b26       0xd7 Src/main.o
 .debug_macro   0x0000000000015bfd       0x1c Src/main.o
 .debug_macro   0x0000000000015c19       0x3d Src/main.o
 .debug_macro   0x0000000000015c56       0x16 Src/main.o
 .debug_macro   0x0000000000015c6c      0x16f Src/main.o
 .debug_macro   0x0000000000015ddb       0x16 Src/main.o
 .debug_macro   0x0000000000015df1      0x1dd Src/stm32f4xx_hal_msp.o
 .debug_macro   0x0000000000015fce      0x1e7 Src/stm32f4xx_it.o
 .debug_macro   0x00000000000161b5      0x1d4 Src/system_stm32f4xx.o
 .debug_macro   0x0000000000016389      0x1e7 Src/tim.o
 .debug_macro   0x0000000000016570      0x1e7 Src/usart.o

.debug_line     0x0000000000000000     0x9abf
 .debug_line    0x0000000000000000      0x8f1 Drivers/STM32F4xx_HAL_Driver/Src/stm32f4xx_hal.o
 .debug_line    0x00000000000008f1      0x943 Drivers/STM32F4xx_HAL_Driver/Src/stm32f4xx_hal_cortex.o
 .debug_line    0x0000000000001234      0xa19 Drivers/STM32F4xx_HAL_Driver/Src/stm32f4xx_hal_dma.o
 .debug_line    0x0000000000001c4d      0x85b Drivers/STM32F4xx_HAL_Driver/Src/stm32f4xx_hal_gpio.o
 .debug_line    0x00000000000024a8      0x984 Drivers/STM32F4xx_HAL_Driver/Src/stm32f4xx_hal_rcc.o
 .debug_line    0x0000000000002e2c     0x183b Drivers/STM32F4xx_HAL_Driver/Src/stm32f4xx_hal_tim.o
 .debug_line    0x0000000000004667      0xd22 Drivers/STM32F4xx_HAL_Driver/Src/stm32f4xx_hal_tim_ex.o
 .debug_line    0x0000000000005389     0x1040 Drivers/STM32F4xx_HAL_Driver/Src/stm32f4xx_hal_uart.o
 .debug_line    0x00000000000063c9      0x708 Src/gpio.o
 .debug_line    0x0000000000006ad1      0xa94 Src/main.o
 .debug_line    0x0000000000007565      0x6ee Src/stm32f4xx_hal_msp.o
 .debug_line    0x0000000000007c53      0x7fc Src/stm32f4xx_it.o
 .debug_line    0x000000000000844f      0x70f Src/system_stm32f4xx.o
 .debug_line    0x0000000000008b5e      0x7b2 Src/tim.o
 .debug_line    0x0000000000009310      0x730 Src/usart.o
 .debug_line    0x0000000000009a40       0x7f startup/startup_stm32f411xe.o

.debug_str      0x0000000000000000    0x8c77c
 .debug_str     0x0000000000000000    0x8586c Drivers/STM32F4xx_HAL_Driver/Src/stm32f4xx_hal.o
                                      0x85bef (size before relaxing)
 .debug_str     0x000000000008586c      0x3a8 Drivers/STM32F4xx_HAL_Driver/Src/stm32f4xx_hal_cortex.o
                                      0x85987 (size before relaxing)
 .debug_str     0x0000000000085c14      0x536 Drivers/STM32F4xx_HAL_Driver/Src/stm32f4xx_hal_dma.o
                                      0x85644 (size before relaxing)
 .debug_str     0x000000000008614a      0x292 Drivers/STM32F4xx_HAL_Driver/Src/stm32f4xx_hal_gpio.o
                                      0x85474 (size before relaxing)
 .debug_str     0x00000000000863dc      0x38f Drivers/STM32F4xx_HAL_Driver/Src/stm32f4xx_hal_rcc.o
                                      0x85649 (size before relaxing)
 .debug_str     0x000000000008676b      0xf35 Drivers/STM32F4xx_HAL_Driver/Src/stm32f4xx_hal_tim.o
                                      0x86382 (size before relaxing)
 .debug_str     0x00000000000876a0      0x4d4 Drivers/STM32F4xx_HAL_Driver/Src/stm32f4xx_hal_tim_ex.o
                                      0x85b9a (size before relaxing)
 .debug_str     0x0000000000087b74      0x6dd Drivers/STM32F4xx_HAL_Driver/Src/stm32f4xx_hal_uart.o
                                      0x85ae6 (size before relaxing)
 .debug_str     0x0000000000088251      0x276 Src/gpio.o
                                      0x85869 (size before relaxing)
 .debug_str     0x00000000000884c7     0x4061 Src/main.o
                                      0x89d24 (size before relaxing)
 .debug_str     0x000000000008c528       0x1b Src/stm32f4xx_hal_msp.o
                                      0x853f0 (size before relaxing)
 .debug_str     0x000000000008c543      0x152 Src/stm32f4xx_it.o
                                      0x85a48 (size before relaxing)
 .debug_str     0x000000000008c695       0x5a Src/system_stm32f4xx.o
                                      0x85230 (size before relaxing)
 .debug_str     0x000000000008c6ef       0x44 Src/tim.o
                                      0x85f6b (size before relaxing)
 .debug_str     0x000000000008c733       0x1a Src/usart.o
                                      0x85cd7 (size before relaxing)
 .debug_str     0x000000000008c74d       0x2f startup/startup_stm32f411xe.o
                                         0x67 (size before relaxing)

.comment        0x0000000000000000       0x7f
 .comment       0x0000000000000000       0x7f Drivers/STM32F4xx_HAL_Driver/Src/stm32f4xx_hal.o
                                         0x80 (size before relaxing)
 .comment       0x000000000000007f       0x80 Drivers/STM32F4xx_HAL_Driver/Src/stm32f4xx_hal_cortex.o
 .comment       0x000000000000007f       0x80 Drivers/STM32F4xx_HAL_Driver/Src/stm32f4xx_hal_dma.o
 .comment       0x000000000000007f       0x80 Drivers/STM32F4xx_HAL_Driver/Src/stm32f4xx_hal_gpio.o
 .comment       0x000000000000007f       0x80 Drivers/STM32F4xx_HAL_Driver/Src/stm32f4xx_hal_rcc.o
 .comment       0x000000000000007f       0x80 Drivers/STM32F4xx_HAL_Driver/Src/stm32f4xx_hal_tim.o
 .comment       0x000000000000007f       0x80 Drivers/STM32F4xx_HAL_Driver/Src/stm32f4xx_hal_tim_ex.o
 .comment       0x000000000000007f       0x80 Drivers/STM32F4xx_HAL_Driver/Src/stm32f4xx_hal_uart.o
 .comment       0x000000000000007f       0x80 Src/gpio.o
 .comment       0x000000000000007f       0x80 Src/main.o
 .comment       0x000000000000007f       0x80 Src/stm32f4xx_hal_msp.o
 .comment       0x000000000000007f       0x80 Src/stm32f4xx_it.o
 .comment       0x000000000000007f       0x80 Src/system_stm32f4xx.o
 .comment       0x000000000000007f       0x80 Src/tim.o
 .comment       0x000000000000007f       0x80 Src/usart.o

.debug_frame    0x0000000000000000     0x1f60
 .debug_frame   0x0000000000000000      0x1ec Drivers/STM32F4xx_HAL_Driver/Src/stm32f4xx_hal.o
 .debug_frame   0x00000000000001ec      0x15c Drivers/STM32F4xx_HAL_Driver/Src/stm32f4xx_hal_cortex.o
 .debug_frame   0x0000000000000348      0x188 Drivers/STM32F4xx_HAL_Driver/Src/stm32f4xx_hal_dma.o
 .debug_frame   0x00000000000004d0       0xd8 Drivers/STM32F4xx_HAL_Driver/Src/stm32f4xx_hal_gpio.o
 .debug_frame   0x00000000000005a8      0x184 Drivers/STM32F4xx_HAL_Driver/Src/stm32f4xx_hal_rcc.o
 .debug_frame   0x000000000000072c      0xa90 Drivers/STM32F4xx_HAL_Driver/Src/stm32f4xx_hal_tim.o
 .debug_frame   0x00000000000011bc      0x3b4 Drivers/STM32F4xx_HAL_Driver/Src/stm32f4xx_hal_tim_ex.o
 .debug_frame   0x0000000000001570      0x4f0 Drivers/STM32F4xx_HAL_Driver/Src/stm32f4xx_hal_uart.o
 .debug_frame   0x0000000000001a60       0x34 Src/gpio.o
 .debug_frame   0x0000000000001a94      0x16c Src/main.o
 .debug_frame   0x0000000000001c00       0x28 Src/stm32f4xx_hal_msp.o
 .debug_frame   0x0000000000001c28      0x150 Src/stm32f4xx_it.o
 .debug_frame   0x0000000000001d78       0x30 Src/system_stm32f4xx.o
 .debug_frame   0x0000000000001da8       0xac Src/tim.o
 .debug_frame   0x0000000000001e54       0x60 Src/usart.o
 .debug_frame   0x0000000000001eb4       0x2c /home/botsula/.p2/pool/plugins/fr.ac6.mcu.externaltools.arm-none.linux64_1.17.0.201812190825/tools/compiler/bin/../lib/gcc/arm-none-eabi/7.3.1/thumb/v7e-m/fpv4-sp/hard/libgcc.a(_aeabi_uldivmod.o)
 .debug_frame   0x0000000000001ee0       0x34 /home/botsula/.p2/pool/plugins/fr.ac6.mcu.externaltools.arm-none.linux64_1.17.0.201812190825/tools/compiler/bin/../lib/gcc/arm-none-eabi/7.3.1/thumb/v7e-m/fpv4-sp/hard/libgcc.a(_udivmoddi4.o)
 .debug_frame   0x0000000000001f14       0x2c /home/botsula/.p2/pool/plugins/fr.ac6.mcu.externaltools.arm-none.linux64_1.17.0.201812190825/tools/compiler/bin/../lib/gcc/arm-none-eabi/7.3.1/../../../../arm-none-eabi/lib/thumb/v7e-m/fpv4-sp/hard/libc_nano.a(lib_a-init.o)
 .debug_frame   0x0000000000001f40       0x20 /home/botsula/.p2/pool/plugins/fr.ac6.mcu.externaltools.arm-none.linux64_1.17.0.201812190825/tools/compiler/bin/../lib/gcc/arm-none-eabi/7.3.1/../../../../arm-none-eabi/lib/thumb/v7e-m/fpv4-sp/hard/libc_nano.a(lib_a-memset.o)
